[     56s] b~10002 distinct_x=16
[    127s] b~20002 distinct_x=17
[    201s] b~30002 distinct_x=17
[    281s] b~40002 distinct_x=17
[    368s] b~50002 distinct_x=17
[    455s] b~60002 distinct_x=17
[    543s] b~70002 distinct_x=17
[    633s] b~80002 distinct_x=17
[    725s] b~90002 distinct_x=17
[    815s] b~100002 distinct_x=17
[    910s] b~110002 distinct_x=17
[   1004s] b~120002 distinct_x=17
[   1101s] b~130002 distinct_x=17
[   1195s] b~140002 distinct_x=17
[   1293s] b~150002 distinct_x=17
[   1387s] b~160002 distinct_x=17
[   1487s] b~170002 distinct_x=17
[   1587s] b~180002 distinct_x=17
[   1687s] b~190002 distinct_x=17
KONIEC b=[2,200000): distinct x=17, czas=1793s
top 15 by r:
  r=   4.871  x=28187351  k=1090
  r=   4.256  x=5234  k=17
  r=   3.772  x=720114  k=225
  r=   3.763  x=8158  k=24
  r=   3.158  x=939787  k=307
  r=   2.930  x=367806  k=207
  r=   2.197  x=3790689201  k=28024
  r=   2.188  x=65589428378  k=117073
  r=   1.414  x=2  k=1
  r=   1.336  x=384242766  k=14668
  r=   1.330  x=390620082  k=14857
  r=   1.228  x=110781386  k=8569
  r=   1.148  x=35495694227489  k=5190544
  r=   1.145  x=952764389446  k=852135
  r=   1.081  x=154319269  k=11492
Table1 (b<200000, half-int C, x>1): expected 20, found 16, missing 4
  FOUND  # 2 x=5234 (r=4.26)
  FOUND  # 3 x=8158 (r=3.76)
  FOUND  # 4 x=93844 (r=1.03)
  FOUND  # 5 x=367806 (r=2.93)
  FOUND  # 6 x=421351 (r=1.05)
  FOUND  # 7 x=720114 (r=3.77)
  FOUND  # 8 x=939787 (r=3.16)
  FOUND  # 9 x=28187351 (r=4.87)
  FOUND  #10 x=110781386 (r=1.23)
  FOUND  #11 x=154319269 (r=1.08)
  FOUND  #12 x=384242766 (r=1.34)
  FOUND  #13 x=390620082 (r=1.33)
  FOUND  #14 x=3790689201 (r=2.2)
  FOUND  #15 x=65589428378 (r=2.19)
  FOUND  #16 x=952764389446 (r=1.15)
  FOUND  #18 x=35495694227489 (r=1.15)
  MISS   #17 x=12438517260105 (r=1.27) table_b=13415 C=6
  MISS   #19 x=53197086958290 (r=1.66) table_b=13777 C=1
  MISS   #20 x=5853886516781223 (r=46.6) table_b=137035 C=9
  MISS   #21 x=12813608766102806 (r=1.3) table_b=6291 C=17.5
